---
source: tests/basic.rs
assertion_line: 196
expression: repo
---
prefixes:
  - local: /tmp/path/to/local/files
    remote: /remote.php/dav/files/tester/test_folder
files:
  ? prefix_id: 0
    path: dummy/please.jpg
  : - more-tags please
  ? prefix_id: 0
    path: foo/ignore.txt
  : - yellow
